{
  "version": "1.5.0",
  "plugins_used": [
    {
      "name": "ArtifactoryDetector"
    },
    {
      "name": "AWSKeyDetector"
    },
    {
      "name": "AzureStorageKeyDetector"
    },
    {
      "name": "Base64HighEntropyString",
      "limit": 4.5
    },
    {
      "name": "BasicAuthDetector"
    },
    {
      "name": "CloudantDetector"
    },
    {
      "name": "DiscordBotTokenDetector"
    },
    {
      "name": "GitHubTokenDetector"
    },
    {
      "name": "GitLabTokenDetector"
    },
    {
      "name": "HexHighEntropyString",
      "limit": 3.0
    },
    {
      "name": "IbmCloudIamDetector"
    },
    {
      "name": "IbmCosHmacDetector"
    },
    {
      "name": "IPPublicDetector"
    },
    {
      "name": "JwtTokenDetector"
    },
    {
      "name": "KeywordDetector",
      "keyword_exclude": ""
    },
    {
      "name": "MailchimpDetector"
    },
    {
      "name": "NpmDetector"
    },
    {
      "name": "OpenAIDetector"
    },
    {
      "name": "PrivateKeyDetector"
    },
    {
      "name": "PypiTokenDetector"
    },
    {
      "name": "SendGridDetector"
    },
    {
      "name": "SlackDetector"
    },
    {
      "name": "SoftlayerDetector"
    },
    {
      "name": "SquareOAuthDetector"
    },
    {
      "name": "StripeDetector"
    },
    {
      "name": "TelegramBotTokenDetector"
    },
    {
      "name": "TwilioKeyDetector"
    }
  ],
  "filters_used": [
    {
      "path": "detect_secrets.filters.allowlist.is_line_allowlisted"
    },
    {
      "path": "detect_secrets.filters.common.is_baseline_file",
      "filename": ".secrets.baseline"
    },
    {
      "path": "detect_secrets.filters.common.is_ignored_due_to_verification_policies",
      "min_level": 2
    },
    {
      "path": "detect_secrets.filters.heuristic.is_indirect_reference"
    },
    {
      "path": "detect_secrets.filters.heuristic.is_likely_id_string"
    },
    {
      "path": "detect_secrets.filters.heuristic.is_lock_file"
    },
    {
      "path": "detect_secrets.filters.heuristic.is_not_alphanumeric_string"
    },
    {
      "path": "detect_secrets.filters.heuristic.is_potential_uuid"
    },
    {
      "path": "detect_secrets.filters.heuristic.is_prefixed_with_dollar_sign"
    },
    {
      "path": "detect_secrets.filters.heuristic.is_sequential_string"
    },
    {
      "path": "detect_secrets.filters.heuristic.is_swagger_file"
    },
    {
      "path": "detect_secrets.filters.heuristic.is_templated_secret"
    }
  ],
  "results": {
    "README.es.md": [
      {
        "type": "Secret Keyword",
        "filename": "README.es.md",
        "hashed_secret": "99d9d3aa04c05b94229a75625cec7ffe5eacf13c",
        "is_verified": false,
        "line_number": 258
      },
      {
        "type": "Secret Keyword",
        "filename": "README.es.md",
        "hashed_secret": "53a0daa8c4dbf099e63f93944feb2273124997cd",
        "is_verified": false,
        "line_number": 270
      },
      {
        "type": "Secret Keyword",
        "filename": "README.es.md",
        "hashed_secret": "2de4c70004e7c9ff6bbac16c1ca643551cdaa8a3",
        "is_verified": false,
        "line_number": 275
      },
      {
        "type": "Secret Keyword",
        "filename": "README.es.md",
        "hashed_secret": "0b7dac5976c6e8767facbf06ae0f03eea0ee8a73",
        "is_verified": false,
        "line_number": 432
      },
      {
        "type": "Secret Keyword",
        "filename": "README.es.md",
        "hashed_secret": "6ea1854b53cd195aac9b85035835e22acf6b8f59",
        "is_verified": false,
        "line_number": 466
      },
      {
        "type": "Secret Keyword",
        "filename": "README.es.md",
        "hashed_secret": "1c69cefbc76b4909f0d49c4fb20a84c9a82ee4ed",
        "is_verified": false,
        "line_number": 498
      },
      {
        "type": "Secret Keyword",
        "filename": "README.es.md",
        "hashed_secret": "c641df7bf90b97958ded691d2b84e2dc2f8ff620",
        "is_verified": false,
        "line_number": 589
      },
      {
        "type": "Secret Keyword",
        "filename": "README.es.md",
        "hashed_secret": "76842ebc4085d6301dd906330bfec6d410549235",
        "is_verified": false,
        "line_number": 879
      },
      {
        "type": "Secret Keyword",
        "filename": "README.es.md",
        "hashed_secret": "ec3810e10fb78db55ce38b9c18d1c3eb1db739e0",
        "is_verified": false,
        "line_number": 911
      },
      {
        "type": "Secret Keyword",
        "filename": "README.es.md",
        "hashed_secret": "84ef1e1afed1c2368fdeab2a35e69a9c1e00b611",
        "is_verified": false,
        "line_number": 921
      },
      {
        "type": "Secret Keyword",
        "filename": "README.es.md",
        "hashed_secret": "a108941cddf6ade452fed1a0f56585dbc8c97062",
        "is_verified": false,
        "line_number": 941
      },
      {
        "type": "Secret Keyword",
        "filename": "README.es.md",
        "hashed_secret": "6ff5d5c9afe1cf10ba67f4799ebce91c6ae125bb",
        "is_verified": false,
        "line_number": 979
      },
      {
        "type": "Secret Keyword",
        "filename": "README.es.md",
        "hashed_secret": "379e147df4e72f311c5ec581344cffee27fb9ad3",
        "is_verified": false,
        "line_number": 985
      },
      {
        "type": "Secret Keyword",
        "filename": "README.es.md",
        "hashed_secret": "de95b6a17c0116b8770da08c0bff2e3445135550",
        "is_verified": false,
        "line_number": 1067
      },
      {
        "type": "Secret Keyword",
        "filename": "README.es.md",
        "hashed_secret": "d5768d868a775ecb40321a67af122c743da8f3d6",
        "is_verified": false,
        "line_number": 1094
      },
      {
        "type": "Secret Keyword",
        "filename": "README.es.md",
        "hashed_secret": "d8546aa2057245181c6e9752feb2eefd22d9de7b",
        "is_verified": false,
        "line_number": 1097
      },
      {
        "type": "Secret Keyword",
        "filename": "README.es.md",
        "hashed_secret": "b60d121b438a380c343d5ec3c2037564b82ffef3",
        "is_verified": false,
        "line_number": 1117
      },
      {
        "type": "Secret Keyword",
        "filename": "README.es.md",
        "hashed_secret": "4a9fd550cf205ab06ee932f41a132ff53cb83d83",
        "is_verified": false,
        "line_number": 1133
      },
      {
        "type": "Secret Keyword",
        "filename": "README.es.md",
        "hashed_secret": "44a8fd87c86122337cf5cc702531c32bcfce46f0",
        "is_verified": false,
        "line_number": 1189
      },
      {
        "type": "Secret Keyword",
        "filename": "README.es.md",
        "hashed_secret": "b39e9323669810bc81a31f05a7880f9651130f23",
        "is_verified": false,
        "line_number": 1190
      }
    ],
    "README.fr.md": [
      {
        "type": "Secret Keyword",
        "filename": "README.fr.md",
        "hashed_secret": "6efdd649c3b949a01235b6f61525849fdb5c95b8",
        "is_verified": false,
        "line_number": 239
      },
      {
        "type": "Secret Keyword",
        "filename": "README.fr.md",
        "hashed_secret": "0a478d02506a179a4ada252d0d879ecaa4ad0f6a",
        "is_verified": false,
        "line_number": 251
      },
      {
        "type": "Secret Keyword",
        "filename": "README.fr.md",
        "hashed_secret": "7d7a2ad1a5437b5ff3dc13b52840bce93ffecfa1",
        "is_verified": false,
        "line_number": 256
      },
      {
        "type": "Secret Keyword",
        "filename": "README.fr.md",
        "hashed_secret": "f1f0b4f22ec89c45b378b4aaf808c78e28bebeac",
        "is_verified": false,
        "line_number": 413
      },
      {
        "type": "Secret Keyword",
        "filename": "README.fr.md",
        "hashed_secret": "682a0743eadcd450d57b6f519517dd3f00dc96f0",
        "is_verified": false,
        "line_number": 447
      },
      {
        "type": "Secret Keyword",
        "filename": "README.fr.md",
        "hashed_secret": "85005435c300c83c0b0d270cef083ef32539c332",
        "is_verified": false,
        "line_number": 479
      },
      {
        "type": "Secret Keyword",
        "filename": "README.fr.md",
        "hashed_secret": "1b385ada02e253d22d3da085cd1d06ed919f229d",
        "is_verified": false,
        "line_number": 570
      },
      {
        "type": "Secret Keyword",
        "filename": "README.fr.md",
        "hashed_secret": "ec3810e10fb78db55ce38b9c18d1c3eb1db739e0",
        "is_verified": false,
        "line_number": 885
      },
      {
        "type": "Secret Keyword",
        "filename": "README.fr.md",
        "hashed_secret": "3d40535f492b08449167828bd7239d14633f898d",
        "is_verified": false,
        "line_number": 895
      },
      {
        "type": "Secret Keyword",
        "filename": "README.fr.md",
        "hashed_secret": "a1e0f7104f45ef916ae8373a573f04e7573451e1",
        "is_verified": false,
        "line_number": 915
      },
      {
        "type": "Secret Keyword",
        "filename": "README.fr.md",
        "hashed_secret": "d683143052d4407dd8924b9042d61736402d2f12",
        "is_verified": false,
        "line_number": 953
      },
      {
        "type": "Secret Keyword",
        "filename": "README.fr.md",
        "hashed_secret": "336cb076245076af4142a6fc018db6547590528d",
        "is_verified": false,
        "line_number": 959
      },
      {
        "type": "Secret Keyword",
        "filename": "README.fr.md",
        "hashed_secret": "fef00efbd087a0ce55d9c2842ffc51889c6b78d5",
        "is_verified": false,
        "line_number": 1041
      },
      {
        "type": "Secret Keyword",
        "filename": "README.fr.md",
        "hashed_secret": "d5768d868a775ecb40321a67af122c743da8f3d6",
        "is_verified": false,
        "line_number": 1068
      },
      {
        "type": "Secret Keyword",
        "filename": "README.fr.md",
        "hashed_secret": "d8546aa2057245181c6e9752feb2eefd22d9de7b",
        "is_verified": false,
        "line_number": 1071
      },
      {
        "type": "Secret Keyword",
        "filename": "README.fr.md",
        "hashed_secret": "b60d121b438a380c343d5ec3c2037564b82ffef3",
        "is_verified": false,
        "line_number": 1091
      },
      {
        "type": "Secret Keyword",
        "filename": "README.fr.md",
        "hashed_secret": "4a9fd550cf205ab06ee932f41a132ff53cb83d83",
        "is_verified": false,
        "line_number": 1107
      },
      {
        "type": "Secret Keyword",
        "filename": "README.fr.md",
        "hashed_secret": "fa5de4f9e566d6a4bd2c1a7bc463ae5adab02bb7",
        "is_verified": false,
        "line_number": 1163
      },
      {
        "type": "Secret Keyword",
        "filename": "README.fr.md",
        "hashed_secret": "0df22af6432dd4cb3bc54f4ade3e40efc5a7b66e",
        "is_verified": false,
        "line_number": 1164
      }
    ],
    "README.ja.md": [
      {
        "type": "Secret Keyword",
        "filename": "README.ja.md",
        "hashed_secret": "11fa7c37d697f30e6aee828b4426a10f83ab2380",
        "is_verified": false,
        "line_number": 239
      },
      {
        "type": "Secret Keyword",
        "filename": "README.ja.md",
        "hashed_secret": "8e654d301a0c12b9ffd9e134b7b1d99ddf402e24",
        "is_verified": false,
        "line_number": 251
      },
      {
        "type": "Secret Keyword",
        "filename": "README.ja.md",
        "hashed_secret": "b1c262e1c5f3c29f7163ac695759b70177f33370",
        "is_verified": false,
        "line_number": 256
      },
      {
        "type": "Secret Keyword",
        "filename": "README.ja.md",
        "hashed_secret": "b3536b070485ad080fe868f00cba56b7dc29ac83",
        "is_verified": false,
        "line_number": 413
      },
      {
        "type": "Secret Keyword",
        "filename": "README.ja.md",
        "hashed_secret": "4828aeee87a0527949cb106d4c50ae10fd333cef",
        "is_verified": false,
        "line_number": 447
      },
      {
        "type": "Secret Keyword",
        "filename": "README.ja.md",
        "hashed_secret": "4a4f9c26953a684c45f1d0430445f4562bd60652",
        "is_verified": false,
        "line_number": 479
      },
      {
        "type": "Secret Keyword",
        "filename": "README.ja.md",
        "hashed_secret": "ef29a869733d71e4bc7f1d022046c69b32753a30",
        "is_verified": false,
        "line_number": 570
      },
      {
        "type": "Secret Keyword",
        "filename": "README.ja.md",
        "hashed_secret": "5d192d8e3e2fdef9fdcb70d569cb49017a624a92",
        "is_verified": false,
        "line_number": 853
      },
      {
        "type": "Secret Keyword",
        "filename": "README.ja.md",
        "hashed_secret": "ec3810e10fb78db55ce38b9c18d1c3eb1db739e0",
        "is_verified": false,
        "line_number": 885
      },
      {
        "type": "Secret Keyword",
        "filename": "README.ja.md",
        "hashed_secret": "6d9c68c603e465077bdd49c62347fe54717f83a3",
        "is_verified": false,
        "line_number": 895
      },
      {
        "type": "Secret Keyword",
        "filename": "README.ja.md",
        "hashed_secret": "639308d67c76ceceb684891ee74783c4703c3ad6",
        "is_verified": false,
        "line_number": 915
      },
      {
        "type": "Secret Keyword",
        "filename": "README.ja.md",
        "hashed_secret": "d683143052d4407dd8924b9042d61736402d2f12",
        "is_verified": false,
        "line_number": 953
      },
      {
        "type": "Secret Keyword",
        "filename": "README.ja.md",
        "hashed_secret": "336cb076245076af4142a6fc018db6547590528d",
        "is_verified": false,
        "line_number": 959
      },
      {
        "type": "Secret Keyword",
        "filename": "README.ja.md",
        "hashed_secret": "fc9ec2f1d71f5593e5f3da22d06bd82a212aa9c5",
        "is_verified": false,
        "line_number": 1041
      },
      {
        "type": "Secret Keyword",
        "filename": "README.ja.md",
        "hashed_secret": "d5768d868a775ecb40321a67af122c743da8f3d6",
        "is_verified": false,
        "line_number": 1068
      },
      {
        "type": "Secret Keyword",
        "filename": "README.ja.md",
        "hashed_secret": "d8546aa2057245181c6e9752feb2eefd22d9de7b",
        "is_verified": false,
        "line_number": 1071
      },
      {
        "type": "Secret Keyword",
        "filename": "README.ja.md",
        "hashed_secret": "b60d121b438a380c343d5ec3c2037564b82ffef3",
        "is_verified": false,
        "line_number": 1091
      },
      {
        "type": "Secret Keyword",
        "filename": "README.ja.md",
        "hashed_secret": "4a9fd550cf205ab06ee932f41a132ff53cb83d83",
        "is_verified": false,
        "line_number": 1107
      },
      {
        "type": "Secret Keyword",
        "filename": "README.ja.md",
        "hashed_secret": "964d6e3715b120a8b51291907149a6c3ec5eba33",
        "is_verified": false,
        "line_number": 1163
      },
      {
        "type": "Secret Keyword",
        "filename": "README.ja.md",
        "hashed_secret": "8f1285aced000a0e7dce2d2efe438a615672ca5a",
        "is_verified": false,
        "line_number": 1164
      }
    ],
    "README.md": [
      {
        "type": "Secret Keyword",
        "filename": "README.md",
        "hashed_secret": "11fa7c37d697f30e6aee828b4426a10f83ab2380",
        "is_verified": false,
        "line_number": 261
      },
      {
        "type": "Secret Keyword",
        "filename": "README.md",
        "hashed_secret": "8e654d301a0c12b9ffd9e134b7b1d99ddf402e24",
        "is_verified": false,
        "line_number": 273
      },
      {
        "type": "Secret Keyword",
        "filename": "README.md",
        "hashed_secret": "b1c262e1c5f3c29f7163ac695759b70177f33370",
        "is_verified": false,
        "line_number": 278
      },
      {
        "type": "Secret Keyword",
        "filename": "README.md",
        "hashed_secret": "b3536b070485ad080fe868f00cba56b7dc29ac83",
        "is_verified": false,
        "line_number": 435
      },
      {
        "type": "Secret Keyword",
        "filename": "README.md",
        "hashed_secret": "4828aeee87a0527949cb106d4c50ae10fd333cef",
        "is_verified": false,
        "line_number": 469
      },
      {
        "type": "Secret Keyword",
        "filename": "README.md",
        "hashed_secret": "4a4f9c26953a684c45f1d0430445f4562bd60652",
        "is_verified": false,
        "line_number": 501
      },
      {
        "type": "Secret Keyword",
        "filename": "README.md",
        "hashed_secret": "ef29a869733d71e4bc7f1d022046c69b32753a30",
        "is_verified": false,
        "line_number": 592
      },
      {
        "type": "Secret Keyword",
        "filename": "README.md",
        "hashed_secret": "5d192d8e3e2fdef9fdcb70d569cb49017a624a92",
        "is_verified": false,
        "line_number": 883
      },
      {
        "type": "Secret Keyword",
        "filename": "README.md",
        "hashed_secret": "ec3810e10fb78db55ce38b9c18d1c3eb1db739e0",
        "is_verified": false,
        "line_number": 915
      },
      {
        "type": "Secret Keyword",
        "filename": "README.md",
        "hashed_secret": "6d9c68c603e465077bdd49c62347fe54717f83a3",
        "is_verified": false,
        "line_number": 925
      },
      {
        "type": "Secret Keyword",
        "filename": "README.md",
        "hashed_secret": "639308d67c76ceceb684891ee74783c4703c3ad6",
        "is_verified": false,
        "line_number": 945
      },
      {
        "type": "Secret Keyword",
        "filename": "README.md",
        "hashed_secret": "d683143052d4407dd8924b9042d61736402d2f12",
        "is_verified": false,
        "line_number": 995
      },
      {
        "type": "Secret Keyword",
        "filename": "README.md",
        "hashed_secret": "336cb076245076af4142a6fc018db6547590528d",
        "is_verified": false,
        "line_number": 1001
      },
      {
        "type": "Secret Keyword",
        "filename": "README.md",
        "hashed_secret": "fc9ec2f1d71f5593e5f3da22d06bd82a212aa9c5",
        "is_verified": false,
        "line_number": 1083
      },
      {
        "type": "Secret Keyword",
        "filename": "README.md",
        "hashed_secret": "d5768d868a775ecb40321a67af122c743da8f3d6",
        "is_verified": false,
        "line_number": 1110
      },
      {
        "type": "Secret Keyword",
        "filename": "README.md",
        "hashed_secret": "d8546aa2057245181c6e9752feb2eefd22d9de7b",
        "is_verified": false,
        "line_number": 1113
      },
      {
        "type": "Secret Keyword",
        "filename": "README.md",
        "hashed_secret": "b60d121b438a380c343d5ec3c2037564b82ffef3",
        "is_verified": false,
        "line_number": 1133
      },
      {
        "type": "Secret Keyword",
        "filename": "README.md",
        "hashed_secret": "4a9fd550cf205ab06ee932f41a132ff53cb83d83",
        "is_verified": false,
        "line_number": 1149
      },
      {
        "type": "Secret Keyword",
        "filename": "README.md",
        "hashed_secret": "964d6e3715b120a8b51291907149a6c3ec5eba33",
        "is_verified": false,
        "line_number": 1205
      },
      {
        "type": "Secret Keyword",
        "filename": "README.md",
        "hashed_secret": "8f1285aced000a0e7dce2d2efe438a615672ca5a",
        "is_verified": false,
        "line_number": 1206
      }
    ],
    "README.pt-br.md": [
      {
        "type": "Secret Keyword",
        "filename": "README.pt-br.md",
        "hashed_secret": "6b4797a5e0e0626d704cf7df18ecee681650289b",
        "is_verified": false,
        "line_number": 239
      },
      {
        "type": "Secret Keyword",
        "filename": "README.pt-br.md",
        "hashed_secret": "a5b6bf9cfff6e775771db154a10c0e05aa50e902",
        "is_verified": false,
        "line_number": 251
      },
      {
        "type": "Secret Keyword",
        "filename": "README.pt-br.md",
        "hashed_secret": "b652327c3037b4ce4858802f84a1e3824d7aa207",
        "is_verified": false,
        "line_number": 256
      },
      {
        "type": "Secret Keyword",
        "filename": "README.pt-br.md",
        "hashed_secret": "5d50f1b02faa633abe999b3da808b3e083da3d5a",
        "is_verified": false,
        "line_number": 413
      },
      {
        "type": "Secret Keyword",
        "filename": "README.pt-br.md",
        "hashed_secret": "d6a2d4e18f96b89efd0edea4f867a9b2a0f8e929",
        "is_verified": false,
        "line_number": 447
      },
      {
        "type": "Secret Keyword",
        "filename": "README.pt-br.md",
        "hashed_secret": "487d75ac4de92d84f3172f1cc4869a90c5df04cd",
        "is_verified": false,
        "line_number": 479
      },
      {
        "type": "Secret Keyword",
        "filename": "README.pt-br.md",
        "hashed_secret": "a7400dfee9c1912e1abd87f32e1222e6a25480d9",
        "is_verified": false,
        "line_number": 570
      },
      {
        "type": "Secret Keyword",
        "filename": "README.pt-br.md",
        "hashed_secret": "5d192d8e3e2fdef9fdcb70d569cb49017a624a92",
        "is_verified": false,
        "line_number": 853
      },
      {
        "type": "Secret Keyword",
        "filename": "README.pt-br.md",
        "hashed_secret": "ec3810e10fb78db55ce38b9c18d1c3eb1db739e0",
        "is_verified": false,
        "line_number": 885
      },
      {
        "type": "Secret Keyword",
        "filename": "README.pt-br.md",
        "hashed_secret": "6d9c68c603e465077bdd49c62347fe54717f83a3",
        "is_verified": false,
        "line_number": 895
      },
      {
        "type": "Secret Keyword",
        "filename": "README.pt-br.md",
        "hashed_secret": "639308d67c76ceceb684891ee74783c4703c3ad6",
        "is_verified": false,
        "line_number": 915
      },
      {
        "type": "Secret Keyword",
        "filename": "README.pt-br.md",
        "hashed_secret": "d683143052d4407dd8924b9042d61736402d2f12",
        "is_verified": false,
        "line_number": 953
      },
      {
        "type": "Secret Keyword",
        "filename": "README.pt-br.md",
        "hashed_secret": "336cb076245076af4142a6fc018db6547590528d",
        "is_verified": false,
        "line_number": 959
      },
      {
        "type": "Secret Keyword",
        "filename": "README.pt-br.md",
        "hashed_secret": "f705ab416f2965b4b5b2a001f5aed18782b644a8",
        "is_verified": false,
        "line_number": 975
      },
      {
        "type": "Secret Keyword",
        "filename": "README.pt-br.md",
        "hashed_secret": "d903c519a4bd96d5de3d26136714f3d214e01ef9",
        "is_verified": false,
        "line_number": 1041
      },
      {
        "type": "Secret Keyword",
        "filename": "README.pt-br.md",
        "hashed_secret": "d5768d868a775ecb40321a67af122c743da8f3d6",
        "is_verified": false,
        "line_number": 1068
      },
      {
        "type": "Secret Keyword",
        "filename": "README.pt-br.md",
        "hashed_secret": "d8546aa2057245181c6e9752feb2eefd22d9de7b",
        "is_verified": false,
        "line_number": 1071
      },
      {
        "type": "Secret Keyword",
        "filename": "README.pt-br.md",
        "hashed_secret": "b60d121b438a380c343d5ec3c2037564b82ffef3",
        "is_verified": false,
        "line_number": 1091
      },
      {
        "type": "Secret Keyword",
        "filename": "README.pt-br.md",
        "hashed_secret": "4a9fd550cf205ab06ee932f41a132ff53cb83d83",
        "is_verified": false,
        "line_number": 1107
      },
      {
        "type": "Secret Keyword",
        "filename": "README.pt-br.md",
        "hashed_secret": "a01db79fa60fbf79d0809692962adba5d804f4ee",
        "is_verified": false,
        "line_number": 1163
      },
      {
        "type": "Secret Keyword",
        "filename": "README.pt-br.md",
        "hashed_secret": "e34eca8ebb35f7ec0c0531970544e4aeb40b8d99",
        "is_verified": false,
        "line_number": 1164
      }
    ],
    "README.vi.md": [
      {
        "type": "Secret Keyword",
        "filename": "README.vi.md",
        "hashed_secret": "11fa7c37d697f30e6aee828b4426a10f83ab2380",
        "is_verified": false,
        "line_number": 239
      },
      {
        "type": "Secret Keyword",
        "filename": "README.vi.md",
        "hashed_secret": "8e654d301a0c12b9ffd9e134b7b1d99ddf402e24",
        "is_verified": false,
        "line_number": 251
      },
      {
        "type": "Secret Keyword",
        "filename": "README.vi.md",
        "hashed_secret": "b1c262e1c5f3c29f7163ac695759b70177f33370",
        "is_verified": false,
        "line_number": 256
      },
      {
        "type": "Secret Keyword",
        "filename": "README.vi.md",
        "hashed_secret": "a3f2d1bd9c606eda8d67f6be52b205bbaaa12549",
        "is_verified": false,
        "line_number": 413
      },
      {
        "type": "Secret Keyword",
        "filename": "README.vi.md",
        "hashed_secret": "f73916b010b95f27b3065e2f462729da6347d3e2",
        "is_verified": false,
        "line_number": 447
      },
      {
        "type": "Secret Keyword",
        "filename": "README.vi.md",
        "hashed_secret": "ffdaea87358f9e8afdee160edf06815dbb92ec04",
        "is_verified": false,
        "line_number": 479
      },
      {
        "type": "Secret Keyword",
        "filename": "README.vi.md",
        "hashed_secret": "12c0ec1b55b11b06ed6bb83f0b3ffca0d4274a2e",
        "is_verified": false,
        "line_number": 570
      },
      {
        "type": "Secret Keyword",
        "filename": "README.vi.md",
        "hashed_secret": "ec3810e10fb78db55ce38b9c18d1c3eb1db739e0",
        "is_verified": false,
        "line_number": 885
      },
      {
        "type": "Secret Keyword",
        "filename": "README.vi.md",
        "hashed_secret": "20786fc23f89d6ccb412d672985c374df816eea6",
        "is_verified": false,
        "line_number": 895
      },
      {
        "type": "Secret Keyword",
        "filename": "README.vi.md",
        "hashed_secret": "639308d67c76ceceb684891ee74783c4703c3ad6",
        "is_verified": false,
        "line_number": 915
      },
      {
        "type": "Secret Keyword",
        "filename": "README.vi.md",
        "hashed_secret": "d683143052d4407dd8924b9042d61736402d2f12",
        "is_verified": false,
        "line_number": 953
      },
      {
        "type": "Secret Keyword",
        "filename": "README.vi.md",
        "hashed_secret": "336cb076245076af4142a6fc018db6547590528d",
        "is_verified": false,
        "line_number": 959
      },
      {
        "type": "Secret Keyword",
        "filename": "README.vi.md",
        "hashed_secret": "aa5c9ff943bf8fde16c0712b802edff98b805487",
        "is_verified": false,
        "line_number": 1041
      },
      {
        "type": "Secret Keyword",
        "filename": "README.vi.md",
        "hashed_secret": "d5768d868a775ecb40321a67af122c743da8f3d6",
        "is_verified": false,
        "line_number": 1068
      },
      {
        "type": "Secret Keyword",
        "filename": "README.vi.md",
        "hashed_secret": "d8546aa2057245181c6e9752feb2eefd22d9de7b",
        "is_verified": false,
        "line_number": 1071
      },
      {
        "type": "Secret Keyword",
        "filename": "README.vi.md",
        "hashed_secret": "b60d121b438a380c343d5ec3c2037564b82ffef3",
        "is_verified": false,
        "line_number": 1091
      },
      {
        "type": "Secret Keyword",
        "filename": "README.vi.md",
        "hashed_secret": "4a9fd550cf205ab06ee932f41a132ff53cb83d83",
        "is_verified": false,
        "line_number": 1107
      },
      {
        "type": "Secret Keyword",
        "filename": "README.vi.md",
        "hashed_secret": "964d6e3715b120a8b51291907149a6c3ec5eba33",
        "is_verified": false,
        "line_number": 1163
      },
      {
        "type": "Secret Keyword",
        "filename": "README.vi.md",
        "hashed_secret": "8f1285aced000a0e7dce2d2efe438a615672ca5a",
        "is_verified": false,
        "line_number": 1164
      },
      {
        "type": "Secret Keyword",
        "filename": "README.vi.md",
        "hashed_secret": "792ffa34221863643ef871d910965843a163f121",
        "is_verified": false,
        "line_number": 1228
      }
    ],
    "README.zh.md": [
      {
        "type": "Secret Keyword",
        "filename": "README.zh.md",
        "hashed_secret": "11fa7c37d697f30e6aee828b4426a10f83ab2380",
        "is_verified": false,
        "line_number": 239
      },
      {
        "type": "Secret Keyword",
        "filename": "README.zh.md",
        "hashed_secret": "8e654d301a0c12b9ffd9e134b7b1d99ddf402e24",
        "is_verified": false,
        "line_number": 251
      },
      {
        "type": "Secret Keyword",
        "filename": "README.zh.md",
        "hashed_secret": "b1c262e1c5f3c29f7163ac695759b70177f33370",
        "is_verified": false,
        "line_number": 256
      },
      {
        "type": "Secret Keyword",
        "filename": "README.zh.md",
        "hashed_secret": "b3536b070485ad080fe868f00cba56b7dc29ac83",
        "is_verified": false,
        "line_number": 413
      },
      {
        "type": "Secret Keyword",
        "filename": "README.zh.md",
        "hashed_secret": "4828aeee87a0527949cb106d4c50ae10fd333cef",
        "is_verified": false,
        "line_number": 447
      },
      {
        "type": "Secret Keyword",
        "filename": "README.zh.md",
        "hashed_secret": "4a4f9c26953a684c45f1d0430445f4562bd60652",
        "is_verified": false,
        "line_number": 479
      },
      {
        "type": "Secret Keyword",
        "filename": "README.zh.md",
        "hashed_secret": "ef29a869733d71e4bc7f1d022046c69b32753a30",
        "is_verified": false,
        "line_number": 570
      },
      {
        "type": "Secret Keyword",
        "filename": "README.zh.md",
        "hashed_secret": "5d192d8e3e2fdef9fdcb70d569cb49017a624a92",
        "is_verified": false,
        "line_number": 853
      },
      {
        "type": "Secret Keyword",
        "filename": "README.zh.md",
        "hashed_secret": "ec3810e10fb78db55ce38b9c18d1c3eb1db739e0",
        "is_verified": false,
        "line_number": 885
      },
      {
        "type": "Secret Keyword",
        "filename": "README.zh.md",
        "hashed_secret": "6d9c68c603e465077bdd49c62347fe54717f83a3",
        "is_verified": false,
        "line_number": 895
      },
      {
        "type": "Secret Keyword",
        "filename": "README.zh.md",
        "hashed_secret": "639308d67c76ceceb684891ee74783c4703c3ad6",
        "is_verified": false,
        "line_number": 915
      },
      {
        "type": "Secret Keyword",
        "filename": "README.zh.md",
        "hashed_secret": "d683143052d4407dd8924b9042d61736402d2f12",
        "is_verified": false,
        "line_number": 953
      },
      {
        "type": "Secret Keyword",
        "filename": "README.zh.md",
        "hashed_secret": "336cb076245076af4142a6fc018db6547590528d",
        "is_verified": false,
        "line_number": 959
      },
      {
        "type": "Secret Keyword",
        "filename": "README.zh.md",
        "hashed_secret": "fc9ec2f1d71f5593e5f3da22d06bd82a212aa9c5",
        "is_verified": false,
        "line_number": 1041
      },
      {
        "type": "Secret Keyword",
        "filename": "README.zh.md",
        "hashed_secret": "d5768d868a775ecb40321a67af122c743da8f3d6",
        "is_verified": false,
        "line_number": 1068
      },
      {
        "type": "Secret Keyword",
        "filename": "README.zh.md",
        "hashed_secret": "d8546aa2057245181c6e9752feb2eefd22d9de7b",
        "is_verified": false,
        "line_number": 1071
      },
      {
        "type": "Secret Keyword",
        "filename": "README.zh.md",
        "hashed_secret": "b60d121b438a380c343d5ec3c2037564b82ffef3",
        "is_verified": false,
        "line_number": 1091
      },
      {
        "type": "Secret Keyword",
        "filename": "README.zh.md",
        "hashed_secret": "4a9fd550cf205ab06ee932f41a132ff53cb83d83",
        "is_verified": false,
        "line_number": 1107
      },
      {
        "type": "Secret Keyword",
        "filename": "README.zh.md",
        "hashed_secret": "964d6e3715b120a8b51291907149a6c3ec5eba33",
        "is_verified": false,
        "line_number": 1163
      },
      {
        "type": "Secret Keyword",
        "filename": "README.zh.md",
        "hashed_secret": "8f1285aced000a0e7dce2d2efe438a615672ca5a",
        "is_verified": false,
        "line_number": 1164
      }
    ],
    "cmd/picoclaw/internal/gateway/helpers.go": [
      {
        "type": "Secret Keyword",
        "filename": "cmd/picoclaw/internal/gateway/helpers.go",
        "hashed_secret": "248ce6b8052502c40f741ce8eeebb140e601c714",
        "is_verified": false,
        "line_number": 132
      },
      {
        "type": "Secret Keyword",
        "filename": "cmd/picoclaw/internal/gateway/helpers.go",
        "hashed_secret": "dacbc55dbab81a4b34d9c4028be074c21378cd96",
        "is_verified": false,
        "line_number": 136
      }
    ],
    "config/config.example.json": [
      {
        "type": "Secret Keyword",
        "filename": "config/config.example.json",
        "hashed_secret": "7e5725b079f7a4d9cdd4a2816072eebd12caf037",
        "is_verified": false,
        "line_number": 116
      },
      {
        "type": "Secret Keyword",
        "filename": "config/config.example.json",
        "hashed_secret": "4828aeee87a0527949cb106d4c50ae10fd333cef",
        "is_verified": false,
        "line_number": 122
      },
      {
        "type": "Secret Keyword",
        "filename": "config/config.example.json",
        "hashed_secret": "0b260bccf4447c54b5bb30ef98fb52c5964f17f5",
        "is_verified": false,
        "line_number": 133
      },
      {
        "type": "Secret Keyword",
        "filename": "config/config.example.json",
        "hashed_secret": "ef29a869733d71e4bc7f1d022046c69b32753a30",
        "is_verified": false,
        "line_number": 162
      },
      {
        "type": "Secret Keyword",
        "filename": "config/config.example.json",
        "hashed_secret": "8ed4322e8e2790b8c928d381ce8d07cfd966e909",
        "is_verified": false,
        "line_number": 321
      },
      {
        "type": "Secret Keyword",
        "filename": "config/config.example.json",
        "hashed_secret": "8e654d301a0c12b9ffd9e134b7b1d99ddf402e24",
        "is_verified": false,
        "line_number": 344
      },
      {
        "type": "Secret Keyword",
        "filename": "config/config.example.json",
        "hashed_secret": "0ec155a52280a9d42f3478e8db631038e01cf988",
        "is_verified": false,
        "line_number": 359
      }
    ],
    "config/config.example_GLM.json": [
      {
        "type": "Secret Keyword",
        "filename": "config/config.example_GLM.json",
        "hashed_secret": "0778c30dc4cdc59b975992d12ba277842b2c7ecd",
        "is_verified": false,
        "line_number": 65
      },
      {
        "type": "Secret Keyword",
        "filename": "config/config.example_GLM.json",
        "hashed_secret": "8ed4322e8e2790b8c928d381ce8d07cfd966e909",
        "is_verified": false,
        "line_number": 88
      }
    ],
    "config/config.example_antigravity.json": [
      {
        "type": "Secret Keyword",
        "filename": "config/config.example_antigravity.json",
        "hashed_secret": "4828aeee87a0527949cb106d4c50ae10fd333cef",
        "is_verified": false,
        "line_number": 80
      },
      {
        "type": "Secret Keyword",
        "filename": "config/config.example_antigravity.json",
        "hashed_secret": "0b260bccf4447c54b5bb30ef98fb52c5964f17f5",
        "is_verified": false,
        "line_number": 100
      },
      {
        "type": "Secret Keyword",
        "filename": "config/config.example_antigravity.json",
        "hashed_secret": "7e5725b079f7a4d9cdd4a2816072eebd12caf037",
        "is_verified": false,
        "line_number": 123
      },
      {
        "type": "Secret Keyword",
        "filename": "config/config.example_antigravity.json",
        "hashed_secret": "ef29a869733d71e4bc7f1d022046c69b32753a30",
        "is_verified": false,
        "line_number": 155
      },
      {
        "type": "Secret Keyword",
        "filename": "config/config.example_antigravity.json",
        "hashed_secret": "8ed4322e8e2790b8c928d381ce8d07cfd966e909",
        "is_verified": false,
        "line_number": 335
      },
      {
        "type": "Secret Keyword",
        "filename": "config/config.example_antigravity.json",
        "hashed_secret": "8e654d301a0c12b9ffd9e134b7b1d99ddf402e24",
        "is_verified": false,
        "line_number": 446
      },
      {
        "type": "Secret Keyword",
        "filename": "config/config.example_antigravity.json",
        "hashed_secret": "0ec155a52280a9d42f3478e8db631038e01cf988",
        "is_verified": false,
        "line_number": 455
      }
    ],
    "config/config.example_gemini.json": [
      {
        "type": "Secret Keyword",
        "filename": "config/config.example_gemini.json",
        "hashed_secret": "7e5725b079f7a4d9cdd4a2816072eebd12caf037",
        "is_verified": false,
        "line_number": 116
      },
      {
        "type": "Secret Keyword",
        "filename": "config/config.example_gemini.json",
        "hashed_secret": "4828aeee87a0527949cb106d4c50ae10fd333cef",
        "is_verified": false,
        "line_number": 122
      },
      {
        "type": "Secret Keyword",
        "filename": "config/config.example_gemini.json",
        "hashed_secret": "0b260bccf4447c54b5bb30ef98fb52c5964f17f5",
        "is_verified": false,
        "line_number": 133
      },
      {
        "type": "Secret Keyword",
        "filename": "config/config.example_gemini.json",
        "hashed_secret": "ef29a869733d71e4bc7f1d022046c69b32753a30",
        "is_verified": false,
        "line_number": 162
      },
      {
        "type": "Secret Keyword",
        "filename": "config/config.example_gemini.json",
        "hashed_secret": "8ed4322e8e2790b8c928d381ce8d07cfd966e909",
        "is_verified": false,
        "line_number": 321
      },
      {
        "type": "Secret Keyword",
        "filename": "config/config.example_gemini.json",
        "hashed_secret": "8e654d301a0c12b9ffd9e134b7b1d99ddf402e24",
        "is_verified": false,
        "line_number": 344
      },
      {
        "type": "Secret Keyword",
        "filename": "config/config.example_gemini.json",
        "hashed_secret": "0ec155a52280a9d42f3478e8db631038e01cf988",
        "is_verified": false,
        "line_number": 359
      }
    ],
    "config/config.example_openai.json": [
      {
        "type": "Secret Keyword",
        "filename": "config/config.example_openai.json",
        "hashed_secret": "8ed4322e8e2790b8c928d381ce8d07cfd966e909",
        "is_verified": false,
        "line_number": 205
      },
      {
        "type": "Secret Keyword",
        "filename": "config/config.example_openai.json",
        "hashed_secret": "7e5725b079f7a4d9cdd4a2816072eebd12caf037",
        "is_verified": false,
        "line_number": 238
      },
      {
        "type": "Secret Keyword",
        "filename": "config/config.example_openai.json",
        "hashed_secret": "4828aeee87a0527949cb106d4c50ae10fd333cef",
        "is_verified": false,
        "line_number": 263
      },
      {
        "type": "Secret Keyword",
        "filename": "config/config.example_openai.json",
        "hashed_secret": "0b260bccf4447c54b5bb30ef98fb52c5964f17f5",
        "is_verified": false,
        "line_number": 274
      },
      {
        "type": "Secret Keyword",
        "filename": "config/config.example_openai.json",
        "hashed_secret": "ef29a869733d71e4bc7f1d022046c69b32753a30",
        "is_verified": false,
        "line_number": 305
      },
      {
        "type": "Secret Keyword",
        "filename": "config/config.example_openai.json",
        "hashed_secret": "8e654d301a0c12b9ffd9e134b7b1d99ddf402e24",
        "is_verified": false,
        "line_number": 324
      },
      {
        "type": "Secret Keyword",
        "filename": "config/config.example_openai.json",
        "hashed_secret": "0ec155a52280a9d42f3478e8db631038e01cf988",
        "is_verified": false,
        "line_number": 329
      }
    ],
    "config/config.example_qwen.json": [
      {
        "type": "Secret Keyword",
        "filename": "config/config.example_qwen.json",
        "hashed_secret": "18afb0eb924c384fe7da988e59a10ecd1f66a079",
        "is_verified": false,
        "line_number": 65
      },
      {
        "type": "Secret Keyword",
        "filename": "config/config.example_qwen.json",
        "hashed_secret": "8ed4322e8e2790b8c928d381ce8d07cfd966e909",
        "is_verified": false,
        "line_number": 108
      }
    ],
    "config/config.example_z_ai.json": [
      {
        "type": "Secret Keyword",
        "filename": "config/config.example_z_ai.json",
        "hashed_secret": "0778c30dc4cdc59b975992d12ba277842b2c7ecd",
        "is_verified": false,
        "line_number": 65
      },
      {
        "type": "Secret Keyword",
        "filename": "config/config.example_z_ai.json",
        "hashed_secret": "8ed4322e8e2790b8c928d381ce8d07cfd966e909",
        "is_verified": false,
        "line_number": 88
      }
    ],
    "config/config_context_management.example.json": [
      {
        "type": "Secret Keyword",
        "filename": "config/config_context_management.example.json",
        "hashed_secret": "c274794dacaeaef04f75902a945d7313b175afb7",
        "is_verified": false,
        "line_number": 22
      },
      {
        "type": "Secret Keyword",
        "filename": "config/config_context_management.example.json",
        "hashed_secret": "8ed4322e8e2790b8c928d381ce8d07cfd966e909",
        "is_verified": false,
        "line_number": 44
      },
      {
        "type": "Secret Keyword",
        "filename": "config/config_context_management.example.json",
        "hashed_secret": "39d711243bfcee9fec8299b204e1aa9c3430fa12",
        "is_verified": false,
        "line_number": 100
      }
    ],
    "config/config_dev.example.json": [
      {
        "type": "Secret Keyword",
        "filename": "config/config_dev.example.json",
        "hashed_secret": "c274794dacaeaef04f75902a945d7313b175afb7",
        "is_verified": false,
        "line_number": 73
      },
      {
        "type": "Secret Keyword",
        "filename": "config/config_dev.example.json",
        "hashed_secret": "8ed4322e8e2790b8c928d381ce8d07cfd966e909",
        "is_verified": false,
        "line_number": 95
      },
      {
        "type": "Secret Keyword",
        "filename": "config/config_dev.example.json",
        "hashed_secret": "39d711243bfcee9fec8299b204e1aa9c3430fa12",
        "is_verified": false,
        "line_number": 160
      }
    ],
    "config/config_dev_multiple_models.example.json": [
      {
        "type": "Secret Keyword",
        "filename": "config/config_dev_multiple_models.example.json",
        "hashed_secret": "c274794dacaeaef04f75902a945d7313b175afb7",
        "is_verified": false,
        "line_number": 71
      },
      {
        "type": "Secret Keyword",
        "filename": "config/config_dev_multiple_models.example.json",
        "hashed_secret": "b2efdd99aaaba3836acdf6bb963f8890d553e4b4",
        "is_verified": false,
        "line_number": 82
      },
      {
        "type": "Secret Keyword",
        "filename": "config/config_dev_multiple_models.example.json",
        "hashed_secret": "9c892a92d87ec98bda6455bc95adad42362de28b",
        "is_verified": false,
        "line_number": 87
      },
      {
        "type": "Secret Keyword",
        "filename": "config/config_dev_multiple_models.example.json",
        "hashed_secret": "8ed4322e8e2790b8c928d381ce8d07cfd966e909",
        "is_verified": false,
        "line_number": 133
      },
      {
        "type": "Secret Keyword",
        "filename": "config/config_dev_multiple_models.example.json",
        "hashed_secret": "39d711243bfcee9fec8299b204e1aa9c3430fa12",
        "is_verified": false,
        "line_number": 198
      }
    ],
    "config/config_single.example.json": [
      {
        "type": "Secret Keyword",
        "filename": "config/config_single.example.json",
        "hashed_secret": "8ed4322e8e2790b8c928d381ce8d07cfd966e909",
        "is_verified": false,
        "line_number": 227
      },
      {
        "type": "Secret Keyword",
        "filename": "config/config_single.example.json",
        "hashed_secret": "7e5725b079f7a4d9cdd4a2816072eebd12caf037",
        "is_verified": false,
        "line_number": 260
      },
      {
        "type": "Secret Keyword",
        "filename": "config/config_single.example.json",
        "hashed_secret": "4828aeee87a0527949cb106d4c50ae10fd333cef",
        "is_verified": false,
        "line_number": 285
      },
      {
        "type": "Secret Keyword",
        "filename": "config/config_single.example.json",
        "hashed_secret": "0b260bccf4447c54b5bb30ef98fb52c5964f17f5",
        "is_verified": false,
        "line_number": 296
      },
      {
        "type": "Secret Keyword",
        "filename": "config/config_single.example.json",
        "hashed_secret": "ef29a869733d71e4bc7f1d022046c69b32753a30",
        "is_verified": false,
        "line_number": 327
      },
      {
        "type": "Secret Keyword",
        "filename": "config/config_single.example.json",
        "hashed_secret": "d5768d868a775ecb40321a67af122c743da8f3d6",
        "is_verified": false,
        "line_number": 350
      },
      {
        "type": "Secret Keyword",
        "filename": "config/config_single.example.json",
        "hashed_secret": "d8546aa2057245181c6e9752feb2eefd22d9de7b",
        "is_verified": false,
        "line_number": 354
      },
      {
        "type": "Secret Keyword",
        "filename": "config/config_single.example.json",
        "hashed_secret": "f0e2f49459ccdceef003106575696dfa6635530f",
        "is_verified": false,
        "line_number": 358
      },
      {
        "type": "Secret Keyword",
        "filename": "config/config_single.example.json",
        "hashed_secret": "f3746ec84bc952e37ead58fd2189f6fce383357e",
        "is_verified": false,
        "line_number": 370
      },
      {
        "type": "Secret Keyword",
        "filename": "config/config_single.example.json",
        "hashed_secret": "ec417f567082612f8fd6afafe1abcab831fca840",
        "is_verified": false,
        "line_number": 375
      },
      {
        "type": "Secret Keyword",
        "filename": "config/config_single.example.json",
        "hashed_secret": "8e654d301a0c12b9ffd9e134b7b1d99ddf402e24",
        "is_verified": false,
        "line_number": 407
      },
      {
        "type": "Secret Keyword",
        "filename": "config/config_single.example.json",
        "hashed_secret": "0ec155a52280a9d42f3478e8db631038e01cf988",
        "is_verified": false,
        "line_number": 412
      },
      {
        "type": "Secret Keyword",
        "filename": "config/config_single.example.json",
        "hashed_secret": "39d711243bfcee9fec8299b204e1aa9c3430fa12",
        "is_verified": false,
        "line_number": 455
      }
    ],
    "docs/ANTIGRAVITY_AUTH.es.md": [
      {
        "type": "Base64 High Entropy String",
        "filename": "docs/ANTIGRAVITY_AUTH.es.md",
        "hashed_secret": "709d0f232b6ac4f8d24dec3e4fabfdb14257174f",
        "is_verified": false,
        "line_number": 230
      },
      {
        "type": "Secret Keyword",
        "filename": "docs/ANTIGRAVITY_AUTH.es.md",
        "hashed_secret": "7120f440ca754e288ded74ae3be6ebf415c5612c",
        "is_verified": false,
        "line_number": 652
      }
    ],
    "docs/ANTIGRAVITY_AUTH.md": [
      {
        "type": "Base64 High Entropy String",
        "filename": "docs/ANTIGRAVITY_AUTH.md",
        "hashed_secret": "709d0f232b6ac4f8d24dec3e4fabfdb14257174f",
        "is_verified": false,
        "line_number": 262
      },
      {
        "type": "Secret Keyword",
        "filename": "docs/ANTIGRAVITY_AUTH.md",
        "hashed_secret": "11fa7c37d697f30e6aee828b4426a10f83ab2380",
        "is_verified": false,
        "line_number": 774
      }
    ],
    "docs/ANTIGRAVITY_USAGE.es.md": [
      {
        "type": "Secret Keyword",
        "filename": "docs/ANTIGRAVITY_USAGE.es.md",
        "hashed_secret": "b8ad2fa495a9538c81d37dace2933be9ff68e3c3",
        "is_verified": false,
        "line_number": 184
      }
    ],
    "docs/ANTIGRAVITY_USAGE.md": [
      {
        "type": "Secret Keyword",
        "filename": "docs/ANTIGRAVITY_USAGE.md",
        "hashed_secret": "39d711243bfcee9fec8299b204e1aa9c3430fa12",
        "is_verified": false,
        "line_number": 184
      }
    ],
    "docs/BINANCE_util.es.md": [
      {
        "type": "Secret Keyword",
        "filename": "docs/BINANCE_util.es.md",
        "hashed_secret": "44a8fd87c86122337cf5cc702531c32bcfce46f0",
        "is_verified": false,
        "line_number": 15
      },
      {
        "type": "Secret Keyword",
        "filename": "docs/BINANCE_util.es.md",
        "hashed_secret": "b39e9323669810bc81a31f05a7880f9651130f23",
        "is_verified": false,
        "line_number": 16
      }
    ],
    "docs/BINANCE_util.md": [
      {
        "type": "Secret Keyword",
        "filename": "docs/BINANCE_util.md",
        "hashed_secret": "964d6e3715b120a8b51291907149a6c3ec5eba33",
        "is_verified": false,
        "line_number": 15
      },
      {
        "type": "Secret Keyword",
        "filename": "docs/BINANCE_util.md",
        "hashed_secret": "8f1285aced000a0e7dce2d2efe438a615672ca5a",
        "is_verified": false,
        "line_number": 16
      }
    ],
    "docs/DEVOPS_SECURITY.md": [
      {
        "type": "Secret Keyword",
        "filename": "docs/DEVOPS_SECURITY.md",
        "hashed_secret": "da88c24090568aa961f639bf2c86ec2c3ae9bcfb",
        "is_verified": false,
        "line_number": 522
      }
    ],
    "docs/FACEBOOK_TEXT_POSTS.es.md": [
      {
        "type": "Base64 High Entropy String",
        "filename": "docs/FACEBOOK_TEXT_POSTS.es.md",
        "hashed_secret": "08b630e75d112b8bf1c5e05ba4665a552a26e154",
        "is_verified": false,
        "line_number": 54
      },
      {
        "type": "Secret Keyword",
        "filename": "docs/FACEBOOK_TEXT_POSTS.es.md",
        "hashed_secret": "08b630e75d112b8bf1c5e05ba4665a552a26e154",
        "is_verified": false,
        "line_number": 54
      }
    ],
    "docs/IMAGE_GEN_util.es.md": [
      {
        "type": "Secret Keyword",
        "filename": "docs/IMAGE_GEN_util.es.md",
        "hashed_secret": "1065b51d7296a386638fdeb779283812e67ed9cd",
        "is_verified": false,
        "line_number": 39
      },
      {
        "type": "Secret Keyword",
        "filename": "docs/IMAGE_GEN_util.es.md",
        "hashed_secret": "5cd546f070cab37960b72262246689c019513701",
        "is_verified": false,
        "line_number": 57
      }
    ],
    "docs/IMAGE_GEN_util.md": [
      {
        "type": "Secret Keyword",
        "filename": "docs/IMAGE_GEN_util.md",
        "hashed_secret": "39d711243bfcee9fec8299b204e1aa9c3430fa12",
        "is_verified": false,
        "line_number": 24
      },
      {
        "type": "Secret Keyword",
        "filename": "docs/IMAGE_GEN_util.md",
        "hashed_secret": "89a6cfe2a229151e8055abee107d45ed087bbb4f",
        "is_verified": false,
        "line_number": 42
      }
    ],
    "docs/MAIXCAM_HARDENING.md": [
      {
        "type": "Secret Keyword",
        "filename": "docs/MAIXCAM_HARDENING.md",
        "hashed_secret": "b42c1166aa6b91895221eae1b612cca07c78bfb8",
        "is_verified": false,
        "line_number": 93
      },
      {
        "type": "Base64 High Entropy String",
        "filename": "docs/MAIXCAM_HARDENING.md",
        "hashed_secret": "27ca224ad0fe0907d7e16c6444fcddb29254b075",
        "is_verified": false,
        "line_number": 322
      },
      {
        "type": "Secret Keyword",
        "filename": "docs/MAIXCAM_HARDENING.md",
        "hashed_secret": "33f220dd67f717cc949db63e21c90e130a6137da",
        "is_verified": false,
        "line_number": 439
      }
    ],
    "docs/NOTION_util.es.md": [
      {
        "type": "Secret Keyword",
        "filename": "docs/NOTION_util.es.md",
        "hashed_secret": "2beb128c72ada39c03b87a7bdd324f6a6cebf576",
        "is_verified": false,
        "line_number": 15
      },
      {
        "type": "Secret Keyword",
        "filename": "docs/NOTION_util.es.md",
        "hashed_secret": "5f8a312a886fde8975e36356bc9869932fb66ad8",
        "is_verified": false,
        "line_number": 24
      }
    ],
    "docs/NOTION_util.md": [
      {
        "type": "Secret Keyword",
        "filename": "docs/NOTION_util.md",
        "hashed_secret": "644f77d77a4692be9b8e75ec908af4112e31a195",
        "is_verified": false,
        "line_number": 15
      },
      {
        "type": "Secret Keyword",
        "filename": "docs/NOTION_util.md",
        "hashed_secret": "1e6b943f62ac7ef26a7b43d010c0471da297e4ab",
        "is_verified": false,
        "line_number": 24
      }
    ],
    "docs/SECURITY.es.md": [
      {
        "type": "Secret Keyword",
        "filename": "docs/SECURITY.es.md",
        "hashed_secret": "11fa7c37d697f30e6aee828b4426a10f83ab2380",
        "is_verified": false,
        "line_number": 526
      }
    ],
    "docs/SECURITY.md": [
      {
        "type": "Secret Keyword",
        "filename": "docs/SECURITY.md",
        "hashed_secret": "b42c1166aa6b91895221eae1b612cca07c78bfb8",
        "is_verified": false,
        "line_number": 536
      },
      {
        "type": "Secret Keyword",
        "filename": "docs/SECURITY.md",
        "hashed_secret": "11fa7c37d697f30e6aee828b4426a10f83ab2380",
        "is_verified": false,
        "line_number": 548
      }
    ],
    "docs/SOCIAL_MEDIA.es.md": [
      {
        "type": "Secret Keyword",
        "filename": "docs/SOCIAL_MEDIA.es.md",
        "hashed_secret": "b3ab654d0bfd796369c69874ad7367e4d2866dd6",
        "is_verified": false,
        "line_number": 268
      },
      {
        "type": "Secret Keyword",
        "filename": "docs/SOCIAL_MEDIA.es.md",
        "hashed_secret": "27705f9e8a21befe7f27ebd7ada6c3ce109f7730",
        "is_verified": false,
        "line_number": 272
      },
      {
        "type": "Secret Keyword",
        "filename": "docs/SOCIAL_MEDIA.es.md",
        "hashed_secret": "518df2db33e10d3c940eb0f82fc09670347e40b7",
        "is_verified": false,
        "line_number": 273
      },
      {
        "type": "Secret Keyword",
        "filename": "docs/SOCIAL_MEDIA.es.md",
        "hashed_secret": "804607fe0da3a351776e25f6941a48f5ecc5d44a",
        "is_verified": false,
        "line_number": 275
      },
      {
        "type": "Secret Keyword",
        "filename": "docs/SOCIAL_MEDIA.es.md",
        "hashed_secret": "606fae9c119579184012931847594263a6e73c93",
        "is_verified": false,
        "line_number": 292
      },
      {
        "type": "Secret Keyword",
        "filename": "docs/SOCIAL_MEDIA.es.md",
        "hashed_secret": "5cd546f070cab37960b72262246689c019513701",
        "is_verified": false,
        "line_number": 296
      },
      {
        "type": "Secret Keyword",
        "filename": "docs/SOCIAL_MEDIA.es.md",
        "hashed_secret": "92499b480cc55e98cd5bc3436eef7fd76f940970",
        "is_verified": false,
        "line_number": 297
      },
      {
        "type": "Secret Keyword",
        "filename": "docs/SOCIAL_MEDIA.es.md",
        "hashed_secret": "0072003f78b85217363b72ea26097c4e7d16c637",
        "is_verified": false,
        "line_number": 299
      }
    ],
    "docs/SOCIAL_MEDIA.md": [
      {
        "type": "Secret Keyword",
        "filename": "docs/SOCIAL_MEDIA.md",
        "hashed_secret": "96b4ec154b071f72c7bc8690784a2b1cea85f97c",
        "is_verified": false,
        "line_number": 43
      },
      {
        "type": "Secret Keyword",
        "filename": "docs/SOCIAL_MEDIA.md",
        "hashed_secret": "a9b17d60d6ad1c5d52b4b2ba69e3539850127de8",
        "is_verified": false,
        "line_number": 47
      },
      {
        "type": "Secret Keyword",
        "filename": "docs/SOCIAL_MEDIA.md",
        "hashed_secret": "3cd3e750fea96050e580433a4a464e3b2cd07d70",
        "is_verified": false,
        "line_number": 48
      },
      {
        "type": "Secret Keyword",
        "filename": "docs/SOCIAL_MEDIA.md",
        "hashed_secret": "b848fcb15f0b7bb6ec3b01197ca72021612ff6d9",
        "is_verified": false,
        "line_number": 50
      },
      {
        "type": "Secret Keyword",
        "filename": "docs/SOCIAL_MEDIA.md",
        "hashed_secret": "d041d7d7a530db09b8901dc803d6747770c18bd8",
        "is_verified": false,
        "line_number": 67
      },
      {
        "type": "Secret Keyword",
        "filename": "docs/SOCIAL_MEDIA.md",
        "hashed_secret": "89a6cfe2a229151e8055abee107d45ed087bbb4f",
        "is_verified": false,
        "line_number": 71
      },
      {
        "type": "Secret Keyword",
        "filename": "docs/SOCIAL_MEDIA.md",
        "hashed_secret": "fff888918679e9c3323b54bd121fc328dae7bc60",
        "is_verified": false,
        "line_number": 72
      },
      {
        "type": "Secret Keyword",
        "filename": "docs/SOCIAL_MEDIA.md",
        "hashed_secret": "db00773500ff2d61674afe8cf2201ea441764517",
        "is_verified": false,
        "line_number": 74
      }
    ],
    "docs/SOCIAL_MEDIA_util.es.md": [
      {
        "type": "Secret Keyword",
        "filename": "docs/SOCIAL_MEDIA_util.es.md",
        "hashed_secret": "b3ab654d0bfd796369c69874ad7367e4d2866dd6",
        "is_verified": false,
        "line_number": 17
      },
      {
        "type": "Secret Keyword",
        "filename": "docs/SOCIAL_MEDIA_util.es.md",
        "hashed_secret": "27705f9e8a21befe7f27ebd7ada6c3ce109f7730",
        "is_verified": false,
        "line_number": 21
      },
      {
        "type": "Secret Keyword",
        "filename": "docs/SOCIAL_MEDIA_util.es.md",
        "hashed_secret": "518df2db33e10d3c940eb0f82fc09670347e40b7",
        "is_verified": false,
        "line_number": 22
      },
      {
        "type": "Secret Keyword",
        "filename": "docs/SOCIAL_MEDIA_util.es.md",
        "hashed_secret": "804607fe0da3a351776e25f6941a48f5ecc5d44a",
        "is_verified": false,
        "line_number": 24
      }
    ],
    "docs/SOCIAL_MEDIA_util.md": [
      {
        "type": "Secret Keyword",
        "filename": "docs/SOCIAL_MEDIA_util.md",
        "hashed_secret": "96b4ec154b071f72c7bc8690784a2b1cea85f97c",
        "is_verified": false,
        "line_number": 17
      },
      {
        "type": "Secret Keyword",
        "filename": "docs/SOCIAL_MEDIA_util.md",
        "hashed_secret": "a9b17d60d6ad1c5d52b4b2ba69e3539850127de8",
        "is_verified": false,
        "line_number": 21
      },
      {
        "type": "Secret Keyword",
        "filename": "docs/SOCIAL_MEDIA_util.md",
        "hashed_secret": "3cd3e750fea96050e580433a4a464e3b2cd07d70",
        "is_verified": false,
        "line_number": 22
      },
      {
        "type": "Secret Keyword",
        "filename": "docs/SOCIAL_MEDIA_util.md",
        "hashed_secret": "b848fcb15f0b7bb6ec3b01197ca72021612ff6d9",
        "is_verified": false,
        "line_number": 24
      }
    ],
    "docs/channels/dingtalk/README.zh.md": [
      {
        "type": "Secret Keyword",
        "filename": "docs/channels/dingtalk/README.zh.md",
        "hashed_secret": "4828aeee87a0527949cb106d4c50ae10fd333cef",
        "is_verified": false,
        "line_number": 13
      }
    ],
    "docs/channels/feishu/README.zh.md": [
      {
        "type": "Secret Keyword",
        "filename": "docs/channels/feishu/README.zh.md",
        "hashed_secret": "b60d121b438a380c343d5ec3c2037564b82ffef3",
        "is_verified": false,
        "line_number": 13
      }
    ],
    "docs/channels/line/README.zh.md": [
      {
        "type": "Secret Keyword",
        "filename": "docs/channels/line/README.zh.md",
        "hashed_secret": "4a4f9c26953a684c45f1d0430445f4562bd60652",
        "is_verified": false,
        "line_number": 12
      }
    ],
    "docs/channels/qq/README.zh.md": [
      {
        "type": "Secret Keyword",
        "filename": "docs/channels/qq/README.zh.md",
        "hashed_secret": "b3536b070485ad080fe868f00cba56b7dc29ac83",
        "is_verified": false,
        "line_number": 13
      }
    ],
    "docs/channels/wecom/wecom_app/README.zh.md": [
      {
        "type": "Secret Keyword",
        "filename": "docs/channels/wecom/wecom_app/README.zh.md",
        "hashed_secret": "ef29a869733d71e4bc7f1d022046c69b32753a30",
        "is_verified": false,
        "line_number": 13
      }
    ],
    "docs/design/provider-refactoring.md": [
      {
        "type": "Secret Keyword",
        "filename": "docs/design/provider-refactoring.md",
        "hashed_secret": "ec417f567082612f8fd6afafe1abcab831fca840",
        "is_verified": false,
        "line_number": 81
      },
      {
        "type": "Secret Keyword",
        "filename": "docs/design/provider-refactoring.md",
        "hashed_secret": "b60d121b438a380c343d5ec3c2037564b82ffef3",
        "is_verified": false,
        "line_number": 102
      }
    ],
    "docs/migration/model-list-migration.md": [
      {
        "type": "Secret Keyword",
        "filename": "docs/migration/model-list-migration.md",
        "hashed_secret": "7ff000febb6b9e7d022a01cf0e097b3864bce12e",
        "is_verified": false,
        "line_number": 30
      },
      {
        "type": "Secret Keyword",
        "filename": "docs/migration/model-list-migration.md",
        "hashed_secret": "639308d67c76ceceb684891ee74783c4703c3ad6",
        "is_verified": false,
        "line_number": 34
      },
      {
        "type": "Secret Keyword",
        "filename": "docs/migration/model-list-migration.md",
        "hashed_secret": "29dae2a9511d407c8b4df4654f6a26246c5c4e21",
        "is_verified": false,
        "line_number": 37
      },
      {
        "type": "Secret Keyword",
        "filename": "docs/migration/model-list-migration.md",
        "hashed_secret": "d683143052d4407dd8924b9042d61736402d2f12",
        "is_verified": false,
        "line_number": 134
      },
      {
        "type": "Secret Keyword",
        "filename": "docs/migration/model-list-migration.md",
        "hashed_secret": "336cb076245076af4142a6fc018db6547590528d",
        "is_verified": false,
        "line_number": 140
      },
      {
        "type": "Secret Keyword",
        "filename": "docs/migration/model-list-migration.md",
        "hashed_secret": "51b792b2181f59921c30fbe60d58ace652ad5971",
        "is_verified": false,
        "line_number": 146
      },
      {
        "type": "Secret Keyword",
        "filename": "docs/migration/model-list-migration.md",
        "hashed_secret": "11fa7c37d697f30e6aee828b4426a10f83ab2380",
        "is_verified": false,
        "line_number": 165
      }
    ],
    "docs/wecom-app-configuration.md": [
      {
        "type": "Secret Keyword",
        "filename": "docs/wecom-app-configuration.md",
        "hashed_secret": "f7228ea6b178df32077280927f544cf46831a5e7",
        "is_verified": false,
        "line_number": 44
      }
    ],
    "pkg/agent/loop.go": [
      {
        "type": "Secret Keyword",
        "filename": "pkg/agent/loop.go",
        "hashed_secret": "10d6d3b5932c1836c8566221ad6887f1dc060847",
        "is_verified": false,
        "line_number": 192
      },
      {
        "type": "Secret Keyword",
        "filename": "pkg/agent/loop.go",
        "hashed_secret": "dacbc55dbab81a4b34d9c4028be074c21378cd96",
        "is_verified": false,
        "line_number": 197
      },
      {
        "type": "Secret Keyword",
        "filename": "pkg/agent/loop.go",
        "hashed_secret": "7b414cd29fe0cff27b829ab4da834730cadc7509",
        "is_verified": false,
        "line_number": 215
      },
      {
        "type": "Secret Keyword",
        "filename": "pkg/agent/loop.go",
        "hashed_secret": "53d8d9345429e15dd5786a1a76800cd07d296462",
        "is_verified": false,
        "line_number": 2175
      }
    ],
    "pkg/auth/oauth.go": [
      {
        "type": "Base64 High Entropy String",
        "filename": "pkg/auth/oauth.go",
        "hashed_secret": "709d0f232b6ac4f8d24dec3e4fabfdb14257174f",
        "is_verified": false,
        "line_number": 48
      }
    ],
    "pkg/auth/validator_test.go": [
      {
        "type": "Base64 High Entropy String",
        "filename": "pkg/auth/validator_test.go",
        "hashed_secret": "2e7315755c08205d36659f99b6c596f33e3fba16",
        "is_verified": false,
        "line_number": 24
      },
      {
        "type": "Base64 High Entropy String",
        "filename": "pkg/auth/validator_test.go",
        "hashed_secret": "4322bdf9ddc744c7a785b58b07ba1b2647fe25fa",
        "is_verified": false,
        "line_number": 25
      },
      {
        "type": "Base64 High Entropy String",
        "filename": "pkg/auth/validator_test.go",
        "hashed_secret": "fb0d49dfe8679155d5377954ba1ecd165fd509ac",
        "is_verified": false,
        "line_number": 26
      },
      {
        "type": "Base64 High Entropy String",
        "filename": "pkg/auth/validator_test.go",
        "hashed_secret": "62d4caa6df5b761330005d3e8c26ba0f0cd9207f",
        "is_verified": false,
        "line_number": 47
      },
      {
        "type": "Base64 High Entropy String",
        "filename": "pkg/auth/validator_test.go",
        "hashed_secret": "100a9d32e80825fd908baf546fa1dc21a1d627c2",
        "is_verified": false,
        "line_number": 48
      },
      {
        "type": "Base64 High Entropy String",
        "filename": "pkg/auth/validator_test.go",
        "hashed_secret": "05a4214916111e7c5fb7d76072106e979da52ac4",
        "is_verified": false,
        "line_number": 70
      },
      {
        "type": "Base64 High Entropy String",
        "filename": "pkg/auth/validator_test.go",
        "hashed_secret": "1ce6dc839a9e385e5e4c057a998711a9b043760d",
        "is_verified": false,
        "line_number": 71
      },
      {
        "type": "Base64 High Entropy String",
        "filename": "pkg/auth/validator_test.go",
        "hashed_secret": "2c28e46a36e00363c6e83f4224462a6bf2dc1670",
        "is_verified": false,
        "line_number": 93
      },
      {
        "type": "Base64 High Entropy String",
        "filename": "pkg/auth/validator_test.go",
        "hashed_secret": "610254dd5fa43ed5acda8235b50e685002110553",
        "is_verified": false,
        "line_number": 116
      },
      {
        "type": "Base64 High Entropy String",
        "filename": "pkg/auth/validator_test.go",
        "hashed_secret": "2f87634788f3c90122d8a467f84ff399526f78b7",
        "is_verified": false,
        "line_number": 117
      },
      {
        "type": "Base64 High Entropy String",
        "filename": "pkg/auth/validator_test.go",
        "hashed_secret": "da76108f7af6f8304781d7ab322199178f24dcdc",
        "is_verified": false,
        "line_number": 118
      },
      {
        "type": "GitHub Token",
        "filename": "pkg/auth/validator_test.go",
        "hashed_secret": "be7b2d35bb835a33973af54c71b0148b6a42b867",
        "is_verified": false,
        "line_number": 139
      },
      {
        "type": "Base64 High Entropy String",
        "filename": "pkg/auth/validator_test.go",
        "hashed_secret": "e327dc18fdb86c0f2028d8b307dcaf523140bd0b",
        "is_verified": false,
        "line_number": 139
      },
      {
        "type": "Base64 High Entropy String",
        "filename": "pkg/auth/validator_test.go",
        "hashed_secret": "a68e9951322e675d7299278a888df46f8cb21044",
        "is_verified": false,
        "line_number": 140
      },
      {
        "type": "GitHub Token",
        "filename": "pkg/auth/validator_test.go",
        "hashed_secret": "ba29d6bfac4cd7b866a3d05103c38031a921ba88",
        "is_verified": false,
        "line_number": 140
      },
      {
        "type": "Base64 High Entropy String",
        "filename": "pkg/auth/validator_test.go",
        "hashed_secret": "622e647a4139987aa954034e3cdc1685eb39b95d",
        "is_verified": false,
        "line_number": 141
      },
      {
        "type": "GitHub Token",
        "filename": "pkg/auth/validator_test.go",
        "hashed_secret": "e4055de792e64bf8433b9c794f2611cb65f4c487",
        "is_verified": false,
        "line_number": 141
      },
      {
        "type": "Base64 High Entropy String",
        "filename": "pkg/auth/validator_test.go",
        "hashed_secret": "0dfb45027a8503fd13acd72a46f3ff81000d0f56",
        "is_verified": false,
        "line_number": 142
      },
      {
        "type": "GitHub Token",
        "filename": "pkg/auth/validator_test.go",
        "hashed_secret": "81c9f106f028bebcb41c013254854d7c6a1c4319",
        "is_verified": false,
        "line_number": 142
      },
      {
        "type": "Base64 High Entropy String",
        "filename": "pkg/auth/validator_test.go",
        "hashed_secret": "bbba7c6cb3f2ab8139438483d7251a8111279ade",
        "is_verified": false,
        "line_number": 143
      },
      {
        "type": "Base64 High Entropy String",
        "filename": "pkg/auth/validator_test.go",
        "hashed_secret": "19aa862998cae30ba9ba448687b6cb8d867b9e42",
        "is_verified": false,
        "line_number": 167
      },
      {
        "type": "Base64 High Entropy String",
        "filename": "pkg/auth/validator_test.go",
        "hashed_secret": "84ebfbcdc40b0de7e4324fa7af990d05b2d99644",
        "is_verified": false,
        "line_number": 168
      },
      {
        "type": "Base64 High Entropy String",
        "filename": "pkg/auth/validator_test.go",
        "hashed_secret": "51e265a54d830011e85695848ee517eb347fc385",
        "is_verified": false,
        "line_number": 220
      },
      {
        "type": "Base64 High Entropy String",
        "filename": "pkg/auth/validator_test.go",
        "hashed_secret": "edd2e7ac4f61d0c606e80a0919d727540842a307",
        "is_verified": false,
        "line_number": 265
      },
      {
        "type": "Base64 High Entropy String",
        "filename": "pkg/auth/validator_test.go",
        "hashed_secret": "ba56119f3a46cb981b7e639f269a5de9393ece96",
        "is_verified": false,
        "line_number": 269
      },
      {
        "type": "Base64 High Entropy String",
        "filename": "pkg/auth/validator_test.go",
        "hashed_secret": "1d9891cb293f22624f91e1ad544cb1928e3b47b1",
        "is_verified": false,
        "line_number": 281
      },
      {
        "type": "Base64 High Entropy String",
        "filename": "pkg/auth/validator_test.go",
        "hashed_secret": "18fdf21db6a592dac66e4bcefad19d6b8d0428f4",
        "is_verified": false,
        "line_number": 285
      }
    ],
    "pkg/config/migration_test.go": [
      {
        "type": "Secret Keyword",
        "filename": "pkg/config/migration_test.go",
        "hashed_secret": "69dba6dfc0be932d10cdbfaae770c300cd7e0e3c",
        "is_verified": false,
        "line_number": 41
      }
    ],
    "pkg/migrate/migrate_test.go": [
      {
        "type": "Secret Keyword",
        "filename": "pkg/migrate/migrate_test.go",
        "hashed_secret": "d1c1445371e1041c5b23397fef07ce862b3e5539",
        "is_verified": false,
        "line_number": 137
      },
      {
        "type": "Secret Keyword",
        "filename": "pkg/migrate/migrate_test.go",
        "hashed_secret": "fd9a45bc0b07706d849cf85021ecf9123fa83d82",
        "is_verified": false,
        "line_number": 178
      },
      {
        "type": "Secret Keyword",
        "filename": "pkg/migrate/migrate_test.go",
        "hashed_secret": "6b8f36db289d14c3c7ba1bb21147b7a4fa7e7536",
        "is_verified": false,
        "line_number": 181
      },
      {
        "type": "Secret Keyword",
        "filename": "pkg/migrate/migrate_test.go",
        "hashed_secret": "b813a809040e16e1cbce1fadca2f00a3ce656b39",
        "is_verified": false,
        "line_number": 184
      },
      {
        "type": "Secret Keyword",
        "filename": "pkg/migrate/migrate_test.go",
        "hashed_secret": "526f1c31aea3ac8a8ebbdc2f32396dea9291d771",
        "is_verified": false,
        "line_number": 336
      },
      {
        "type": "Secret Keyword",
        "filename": "pkg/migrate/migrate_test.go",
        "hashed_secret": "40ded471ee455b2dcd38187438b419bb3eca7a55",
        "is_verified": false,
        "line_number": 337
      },
      {
        "type": "Secret Keyword",
        "filename": "pkg/migrate/migrate_test.go",
        "hashed_secret": "4ebef291dba8f1435f8b0c32b993ef95bbc2e112",
        "is_verified": false,
        "line_number": 350
      },
      {
        "type": "Secret Keyword",
        "filename": "pkg/migrate/migrate_test.go",
        "hashed_secret": "4e13698a0fe27b5e24dffe0964418551cafc282a",
        "is_verified": false,
        "line_number": 354
      },
      {
        "type": "Secret Keyword",
        "filename": "pkg/migrate/migrate_test.go",
        "hashed_secret": "6c5163ea47c9542cc55beb2c857623d42b500ea7",
        "is_verified": false,
        "line_number": 715
      },
      {
        "type": "Secret Keyword",
        "filename": "pkg/migrate/migrate_test.go",
        "hashed_secret": "e662ba930ea3da2825b68d9406c68f186e979d00",
        "is_verified": false,
        "line_number": 718
      }
    ],
    "pkg/providers/factory.go": [
      {
        "type": "Secret Keyword",
        "filename": "pkg/providers/factory.go",
        "hashed_secret": "248ce6b8052502c40f741ce8eeebb140e601c714",
        "is_verified": false,
        "line_number": 62
      },
      {
        "type": "Secret Keyword",
        "filename": "pkg/providers/factory.go",
        "hashed_secret": "89cebb726c24b73194b8efe65f9de8e9b2388af3",
        "is_verified": false,
        "line_number": 80
      },
      {
        "type": "Secret Keyword",
        "filename": "pkg/providers/factory.go",
        "hashed_secret": "25118fc225e76f12a17ac72778be53611742965e",
        "is_verified": false,
        "line_number": 97
      },
      {
        "type": "Secret Keyword",
        "filename": "pkg/providers/factory.go",
        "hashed_secret": "096297b8c6828336adfb9e5ee7e57cd245d09af6",
        "is_verified": false,
        "line_number": 106
      },
      {
        "type": "Secret Keyword",
        "filename": "pkg/providers/factory.go",
        "hashed_secret": "a86726e7eea3c473e96956884c25f0f148861a30",
        "is_verified": false,
        "line_number": 116
      },
      {
        "type": "Secret Keyword",
        "filename": "pkg/providers/factory.go",
        "hashed_secret": "08a98ebc29f466f1546315ed50e6b107ef2bbe6b",
        "is_verified": false,
        "line_number": 125
      },
      {
        "type": "Secret Keyword",
        "filename": "pkg/providers/factory.go",
        "hashed_secret": "43473d3353a4c7d4fd39792fd0d85cb926d4e93e",
        "is_verified": false,
        "line_number": 134
      },
      {
        "type": "Secret Keyword",
        "filename": "pkg/providers/factory.go",
        "hashed_secret": "4bd331a6cc171e4c9681ec48532a8bbb99c116b3",
        "is_verified": false,
        "line_number": 140
      },
      {
        "type": "Secret Keyword",
        "filename": "pkg/providers/factory.go",
        "hashed_secret": "c8fe4fa89e5515c033e8df2def2f1553eda38cbb",
        "is_verified": false,
        "line_number": 149
      },
      {
        "type": "Secret Keyword",
        "filename": "pkg/providers/factory.go",
        "hashed_secret": "38588ab7fa9bc328e0fd2070ef6a1cc37b07f304",
        "is_verified": false,
        "line_number": 174
      },
      {
        "type": "Secret Keyword",
        "filename": "pkg/providers/factory.go",
        "hashed_secret": "305159a62b4fc31f4ee8af71b5796f6588505d1a",
        "is_verified": false,
        "line_number": 186
      },
      {
        "type": "Secret Keyword",
        "filename": "pkg/providers/factory.go",
        "hashed_secret": "e5048f6af9e80b0be0382826f009614e632a5a5b",
        "is_verified": false,
        "line_number": 209
      },
      {
        "type": "Secret Keyword",
        "filename": "pkg/providers/factory.go",
        "hashed_secret": "8245e3ce29d4e4543f90572fc0263b26a8f57f4d",
        "is_verified": false,
        "line_number": 290
      }
    ],
    "pkg/providers/factory_test.go": [
      {
        "type": "Secret Keyword",
        "filename": "pkg/providers/factory_test.go",
        "hashed_secret": "2fb0b3ce91524df9c159e2bd5b788d845c7cd6b3",
        "is_verified": false,
        "line_number": 50
      },
      {
        "type": "Secret Keyword",
        "filename": "pkg/providers/factory_test.go",
        "hashed_secret": "b9eac805c62ad4375372f4608db466d07dcfb4a9",
        "is_verified": false,
        "line_number": 61
      },
      {
        "type": "Secret Keyword",
        "filename": "pkg/providers/factory_test.go",
        "hashed_secret": "35188bb026d29646649697a020aa4803df869146",
        "is_verified": false,
        "line_number": 72
      },
      {
        "type": "Secret Keyword",
        "filename": "pkg/providers/factory_test.go",
        "hashed_secret": "6b8f36db289d14c3c7ba1bb21147b7a4fa7e7536",
        "is_verified": false,
        "line_number": 83
      },
      {
        "type": "Secret Keyword",
        "filename": "pkg/providers/factory_test.go",
        "hashed_secret": "1a73f4bc83548f9915da23a40eb672b948fc54f4",
        "is_verified": false,
        "line_number": 124
      },
      {
        "type": "Secret Keyword",
        "filename": "pkg/providers/factory_test.go",
        "hashed_secret": "3e9820abae2161614dd88f0675510f60a0b8a20c",
        "is_verified": false,
        "line_number": 133
      },
      {
        "type": "Secret Keyword",
        "filename": "pkg/providers/factory_test.go",
        "hashed_secret": "bdc65cb6a6ad404c3fa650d99d74b21c918d1d05",
        "is_verified": false,
        "line_number": 142
      },
      {
        "type": "Secret Keyword",
        "filename": "pkg/providers/factory_test.go",
        "hashed_secret": "2568d97e538e07521431c9ea738e5c2df14df7a2",
        "is_verified": false,
        "line_number": 151
      }
    ],
    "pkg/security/redactor.go": [
      {
        "type": "Secret Keyword",
        "filename": "pkg/security/redactor.go",
        "hashed_secret": "b5d0cc62260ee5c0a04cc7c9786970354ec95e96",
        "is_verified": false,
        "line_number": 69
      },
      {
        "type": "Secret Keyword",
        "filename": "pkg/security/redactor.go",
        "hashed_secret": "5c17d5186d2e77cc0313713c12ec6315fac87640",
        "is_verified": false,
        "line_number": 92
      }
    ],
    "pkg/security/redactor_test.go": [
      {
        "type": "Secret Keyword",
        "filename": "pkg/security/redactor_test.go",
        "hashed_secret": "4a1863c4065fea35a33eb974fa940673c057df30",
        "is_verified": false,
        "line_number": 39
      },
      {
        "type": "Base64 High Entropy String",
        "filename": "pkg/security/redactor_test.go",
        "hashed_secret": "c61488a4e25e8a3a4e98d165b576ce27f47f6420",
        "is_verified": false,
        "line_number": 39
      },
      {
        "type": "Private Key",
        "filename": "pkg/security/redactor_test.go",
        "hashed_secret": "be4fc4886bd949b369d5e092eb87494f12e57e5b",
        "is_verified": false,
        "line_number": 54
      },
      {
        "type": "GitHub Token",
        "filename": "pkg/security/redactor_test.go",
        "hashed_secret": "e175c6f5f2a92e8623bd9a4820edb4e8c1b0fd10",
        "is_verified": false,
        "line_number": 59
      }
    ],
    "pkg/skills/binance_mcp.go": [
      {
        "type": "Secret Keyword",
        "filename": "pkg/skills/binance_mcp.go",
        "hashed_secret": "964d6e3715b120a8b51291907149a6c3ec5eba33",
        "is_verified": false,
        "line_number": 178
      },
      {
        "type": "Secret Keyword",
        "filename": "pkg/skills/binance_mcp.go",
        "hashed_secret": "8f1285aced000a0e7dce2d2efe438a615672ca5a",
        "is_verified": false,
        "line_number": 179
      }
    ],
    "pkg/skills/fullstack_developer.go": [
      {
        "type": "Secret Keyword",
        "filename": "pkg/skills/fullstack_developer.go",
        "hashed_secret": "59db85718c97565baccfdc97399b359640ad2eff",
        "is_verified": false,
        "line_number": 441
      },
      {
        "type": "Secret Keyword",
        "filename": "pkg/skills/fullstack_developer.go",
        "hashed_secret": "f2b14f68eb995facb3a1c35287b778d5bd785511",
        "is_verified": false,
        "line_number": 442
      },
      {
        "type": "Secret Keyword",
        "filename": "pkg/skills/fullstack_developer.go",
        "hashed_secret": "be8b0a1cdc543da75808d7a9141cb1d237896f60",
        "is_verified": false,
        "line_number": 445
      },
      {
        "type": "Secret Keyword",
        "filename": "pkg/skills/fullstack_developer.go",
        "hashed_secret": "d6a6eb9b4c0739c74f7498354c0a6b3a4850cf0b",
        "is_verified": false,
        "line_number": 446
      },
      {
        "type": "Secret Keyword",
        "filename": "pkg/skills/fullstack_developer.go",
        "hashed_secret": "407ce1f8922ce4eed7fdba2c8b3b89b8d0a39301",
        "is_verified": false,
        "line_number": 700
      },
      {
        "type": "Basic Auth Credentials",
        "filename": "pkg/skills/fullstack_developer.go",
        "hashed_secret": "9d4e1e23bd5b727046a9e3b4b7db57bd8d6ee684",
        "is_verified": false,
        "line_number": 908
      },
      {
        "type": "Secret Keyword",
        "filename": "pkg/skills/fullstack_developer.go",
        "hashed_secret": "9d4e1e23bd5b727046a9e3b4b7db57bd8d6ee684",
        "is_verified": false,
        "line_number": 920
      },
      {
        "type": "Basic Auth Credentials",
        "filename": "pkg/skills/fullstack_developer.go",
        "hashed_secret": "a94a8fe5ccb19ba61c4c0873d391e987982fbbd3",
        "is_verified": false,
        "line_number": 985
      }
    ],
    "pkg/tools/binance_test.go": [
      {
        "type": "Secret Keyword",
        "filename": "pkg/tools/binance_test.go",
        "hashed_secret": "f0533ae3ed6797d8cf133d0fb9539f75e62a1556",
        "is_verified": false,
        "line_number": 24
      },
      {
        "type": "Secret Keyword",
        "filename": "pkg/tools/binance_test.go",
        "hashed_secret": "51af665d1afaf4f399863df27521b41e6ac2484e",
        "is_verified": false,
        "line_number": 27
      },
      {
        "type": "Secret Keyword",
        "filename": "pkg/tools/binance_test.go",
        "hashed_secret": "518f3a22a06940a6d92c06b03a113fe6ba020737",
        "is_verified": false,
        "line_number": 37
      },
      {
        "type": "Secret Keyword",
        "filename": "pkg/tools/binance_test.go",
        "hashed_secret": "8a8281cec699f5e51330e21dd7fab3531af6ef0c",
        "is_verified": false,
        "line_number": 40
      }
    ],
    "pkg/tools/config_manager_test.go": [
      {
        "type": "Secret Keyword",
        "filename": "pkg/tools/config_manager_test.go",
        "hashed_secret": "808ddc7312819161603ad3840aa2a5c0c25e1716",
        "is_verified": false,
        "line_number": 337
      }
    ],
    "pkg/tools/web_test.go": [
      {
        "type": "Secret Keyword",
        "filename": "pkg/tools/web_test.go",
        "hashed_secret": "3acfb2c2b433c0ea7ff107e33df91b18e52f960f",
        "is_verified": false,
        "line_number": 526
      }
    ],
    "pkg/utils/binance_mcp.go": [
      {
        "type": "Secret Keyword",
        "filename": "pkg/utils/binance_mcp.go",
        "hashed_secret": "465c1ec43c154c4577dd471f62d66f7696863038",
        "is_verified": false,
        "line_number": 29
      },
      {
        "type": "Secret Keyword",
        "filename": "pkg/utils/binance_mcp.go",
        "hashed_secret": "5f5f7c0ae1b74bd89f0f3f7aba6237491ce53026",
        "is_verified": false,
        "line_number": 30
      }
    ],
    "pkg/utils/notion_api.go": [
      {
        "type": "Secret Keyword",
        "filename": "pkg/utils/notion_api.go",
        "hashed_secret": "1e7d77c65bc274f682a22d9b9d66827fe3c83184",
        "is_verified": false,
        "line_number": 25
      }
    ],
    "pkg/utils/social_facebook.go": [
      {
        "type": "Secret Keyword",
        "filename": "pkg/utils/social_facebook.go",
        "hashed_secret": "c2384f4374bd0e7c5e237d3d6b6c4dd7fd227a5a",
        "is_verified": false,
        "line_number": 30
      }
    ],
    "pkg/utils/social_x.go": [
      {
        "type": "Secret Keyword",
        "filename": "pkg/utils/social_x.go",
        "hashed_secret": "376921e9453f85ccef07e73f4cca044b38c80447",
        "is_verified": false,
        "line_number": 31
      },
      {
        "type": "Secret Keyword",
        "filename": "pkg/utils/social_x.go",
        "hashed_secret": "3687c1141c48776a600e1eb408275cb3be45fdc5",
        "is_verified": false,
        "line_number": 32
      },
      {
        "type": "Secret Keyword",
        "filename": "pkg/utils/social_x.go",
        "hashed_secret": "22e85c84c8a6b52d84de3aa0067b9ac38d594d6b",
        "is_verified": false,
        "line_number": 34
      }
    ],
    "pkg/utils/text_script.go": [
      {
        "type": "Secret Keyword",
        "filename": "pkg/utils/text_script.go",
        "hashed_secret": "dcd7c0829dbdacbf2a830714e2c8206f1dc89d02",
        "is_verified": false,
        "line_number": 27
      },
      {
        "type": "Secret Keyword",
        "filename": "pkg/utils/text_script.go",
        "hashed_secret": "119f2dc41412acdd932ef07dad36fc0716e58ee7",
        "is_verified": false,
        "line_number": 30
      }
    ]
  },
  "generated_at": "2026-03-24T22:36:44Z"
}
